[0m[0K]0;Administrator:  Microsoft Windows [Version 6.1.7601][0K[?25l
Copyright (c) 2009 Microsoft Corporation.  All rights reserved.[0K
[0K
H:\Projects\Mapper_Visualization\Package\SemiMapper>[0K[?25hg[0Ki[0Kt[0K[57G[?25l
[0K[?25h]0;Administrator:   - git  usage: git [--version] [--help] [-C <path>] [-c <name>=<value>][0K[?25l
           [--exec-path[=<path>]] [--html-path] [--man-path] [--info-path][0K
           [-p | --paginate | -P | --no-pager] [--no-replace-objects] [--bare][0K
           [--git-dir=<path>] [--work-tree=<path>] [--namespace=<name>][0K
           <command> [<args>][0K
[0K
These are common Git commands used in various situations:[0K
[0K
start a working area (see also: git help tutorial)[0K
   clone      Clone a repository into a new directory[0K
   init       Create an empty Git repository or reinitialize an existing one[0K
[0K
work on the current change (see also: git help everyday)[0K
   add        Add file contents to the index[0K
   mv         Move or rename a file, a directory, or a symlink[0K
   reset      Reset current HEAD to the specified state[0K
   rm         Remove files from the working tree and from the index[0K
[0K
examine the history and state (see also: git help revisions)[0K
   bisect     Use binary search to find the commit that introduced a bug[0K
   grep       Print lines matching a pattern[0K
   log        Show commit logs[0K
   show       Show various types of objects[0K
   status     Show the working tree status[0K
[0K
grow, mark and tweak your common history[0K
   branch     List, create, or delete branches[0K
   checkout   Switch branches or restore working tree files[0K
   commit     Record changes to the repository[0K
   diff       Show changes between commits, commit and working tree, etc[0K
   merge      Join two or more development histories together[0K
   rebase     Reapply commits on top of another base tip[0K
   tag        Create, list, delete or verify a tag object signed with GPG[0K
[0K
collaborate (see also: git help workflows)[0K
   fetch      Download objects and refs from another repository[0K
   pull       Fetch from and integrate with another repository or a local branch[0K
   push       Update remote refs along with associated objects[0K
[0K
'git help -a' and 'git help -g' list available subcommands and some[0K
concept guides. See 'git help <command>' or 'git help <concept>'[0K
to read about a specific subcommand or concept.[0K
[0K[?25h]0;Administrator:  [?25l
H:\Projects\Mapper_Visualization\Package\SemiMapper>[0K[?25hg[0Ki[0Kt[0K[57G[?25lH:\Projects\Mapper_Visualization\Package\SemiMapper>git s[0K[?25ht[0Ka[0Kut[0Ks[0K[?25l
[0K[?25h]0;Administrator:   - git  stautsgit: 'stauts' is not a git command. See 'git --help'.[0K[?25l
[0K
The most similar command is[0K
        status[0K
[0K[?25h]0;Administrator:  [?25l
H:\Projects\Mapper_Visualization\Package\SemiMapper>[0K[?25hgit stauts[0K[?25lH:\Projects\Mapper_Visualization\Package\SemiMapper>git staut[0K[?25h[?25lH:\Projects\Mapper_Visualization\Package\SemiMapper>git stau[0K[?25h[?25lH:\Projects\Mapper_Visualization\Package\SemiMapper>git sta[0K[?25ht[0Ku[0Ks[0K[?25l
[0K[?25h]0;Administrator:   - git  statusOn branch master[0K[?25l
[0K
No commits yet[0K
[0K
Untracked files:[0K
  (use "git add <file>..." to include in what will be committed)[0K
[0K
        [0;31m.Rbuildignore[0m[0K
        [0;31m.Rhistory[0m[0K
        [0;31m.Rproj.user/[0m[0K
        [0;31mDESCRIPTION[0m[0K
        [0;31mNAMESPACE[0m[0K
        [0;31mR/[0m[0K
        [0;31mSemiMapper.Rproj[0m[0K[?25h]0;Administrator:  [?25l
        [0;31mman/[0m[0K
[0K
nothing added to commit but untracked files present (use "git add" to track)[0K
[0K
H:\Projects\Mapper_Visualization\Package\SemiMapper>[0K[?25hgit status[0K[?25lH:\Projects\Mapper_Visualization\Package\SemiMapper>git statu[0K[?25h[?25lH:\Projects\Mapper_Visualization\Package\SemiMapper>git stat[0K[?25h[?25lH:\Projects\Mapper_Visualization\Package\SemiMapper>git sta[0K[?25h[?25lH:\Projects\Mapper_Visualization\Package\SemiMapper>git st[0K[?25h[?25lH:\Projects\Mapper_Visualization\Package\SemiMapper>git s[0K[?25h[?25lH:\Projects\Mapper_Visualization\Package\SemiMapper>git[0K[57G[?25h[?25lH:\Projects\Mapper_Visualization\Package\SemiMapper>git a[0K[?25hd[0Kd[0K]0;Administrator:   - git  add[?25l
[0K[?25hNothing specified, nothing added.[0K[?25l
Maybe you wanted to say 'git add .'?[0K
[0K[?25h]0;Administrator:  [?25l
H:\Projects\Mapper_Visualization\Package\SemiMapper>[0K[?25hgit add[0K[61G[?25lH:\Projects\Mapper_Visualization\Package\SemiMapper>git add .[0K[?25h]0;Administrator:   - git  add .[?25l
[0K[?25hwarning: LF will be replaced by CRLF in .Rhistory.[0K[?25l
The file will have its original line endings in your working directory.[0K
[0K[?25hwarning: LF will be replaced by CRLF in .Rproj.user/8E963EED/build_options.[0K[?25l
The file will have its original line endings in your working directory.[0K
[0K[?25hwarning: LF will be replaced by CRLF in .Rproj.user/8E963EED/cpp-definition-cache.[0K[?25l
The file will have its original line endings in your working directory.[0K
[0K[?25hwarning: LF will be replaced by CRLF in .Rproj.user/8E963EED/pcs/files-pane.pper.[0K[?25l
The file will have its original line endings in your working directory.[0K
[0K[?25hwarning: LF will be replaced by CRLF in .Rproj.user/8E963EED/pcs/source-pane.pper.[0K[?25l
The file will have its original line endings in your working directory.[0K
[0K[?25hwarning: LF will be replaced by CRLF in .Rproj.user/8E963EED/pcs/windowlayoutstate.pper.[0K[?25l
The file will have its original line endings in your working directory.[0K
[0K[?25hwarning: LF will be replaced by CRLF in .Rproj.user/8E963EED/pcs/workbench-pane.pper.[0K[?25l
The file will have its original line endings in your working directory.[0K
[0K[?25hwarning: LF will be replaced by CRLF in .Rproj.user/8E963EED/rmd-outputs.[0K[?25l
The file will have its original line endings in your working directory.[0K
[0K[?25hwarning: LF will be replaced by CRLF in .Rproj.user/8E963EED/sources/prop/3B88766.[0K[?25l
The file will have its original line endings in your working directory.[0K
[0K[?25hwarning: LF will be replaced by CRLF in .Rproj.user/8E963EED/sources/prop/3FDAFC36.[0K[?25l
The file will have its original line endings in your working directory.[0K
[0K[?25hwarning: LF will be replaced by CRLF in .Rproj.user/8E963EED/sources/prop/74E90DB9.[0K[?25l
The file will have its original line endings in your working directory.[0K
[0K[?25hwarning: LF will be replaced by CRLF in .Rproj.user/8E963EED/sources/prop/8E558985.[0K[?25l
The file will have its original line endings in your working directory.[0K
[0K[?25hwarning: LF will be replaced by CRLF in .Rproj.user/8E963EED/sources/prop/9E4887A1.[0K[?25l
The file will have its original line endings in your working directory.[0K
[0K[?25hwarning: LF will be replaced by CRLF in .Rproj.user/8E963EED/sources/prop/CDF0CA45.[0K[?25l
The file will have its original line endings in your working directory.[0K
[0K[?25hwarning: LF will be replaced by CRLF in .Rproj.user/8E963EED/sources/prop/INDEX.[0K[?25l
The file will have its original line endings in your working directory.[0K
[0K[?25hwarning: LF will be replaced by CRLF in .Rproj.user/8E963EED/sources/s-DF83F89F/909EC044.[0K[?25l
The file will have its original line endings in your working directory.[0K
[0K[?25hwarning: LF will be replaced by CRLF in .Rproj.user/8E963EED/sources/s-DF83F89F/909EC044-contents.[0K[?25l
The file will have its original line endings in your working directory.[0K
[0K[?25hwarning: LF will be replaced by CRLF in .Rproj.user/8E963EED/sources/s-DF83F89F/A033B5B0.[0K[?25l
The file will have its original line endings in your working directory.[0K
[0K[?25hwarning: LF will be replaced by CRLF in .Rproj.user/8E963EED/sources/s-DF83F89F/A033B5B0-contents.[0K[?25l
The file will have its original line endings in your working directory.[0K
[0K[?25hwarning: LF will be replaced by CRLF in .Rproj.user/8E963EED/sources/s-DF83F89F/C02F3436.[0K[?25l
The file will have its original line endings in your working directory.[0K
[0K[?25hwarning: LF will be replaced by CRLF in .Rproj.user/8E963EED/sources/s-DF83F89F/C02F3436-contents.[0K[?25l
The file will have its original line endings in your working directory.[0K
[0K[?25hwarning: LF will be replaced by CRLF in .Rproj.user/8E963EED/sources/s-DF83F89F/C67A6757.[0K[?25l
The file will have its original line endings in your working directory.[0K
[0K[?25hwarning: LF will be replaced by CRLF in .Rproj.user/8E963EED/sources/s-DF83F89F/C67A6757-contents.[0K[?25l
The file will have its original line endings in your working directory.[0K
[0K[?25hwarning: LF will be replaced by CRLF in .Rproj.user/8E963EED/sources/s-DF83F89F/FDD47C0C.[0K[?25l
The file will have its original line endings in your working directory.[0K
[0K[?25hwarning: LF will be replaced by CRLF in .Rproj.user/8E963EED/sources/s-DF83F89F/FDD47C0C-contents.[0K[?25l
The file will have its original line endings in your working directory.[0K
[0K[?25hwarning: LF will be replaced by CRLF in .Rproj.user/shared/notebooks/paths.[0K[?25l
The file will have its original line endings in your working directory.[0K
[0K[?25h]0;Administrator:  [?25l
H:\Projects\Mapper_Visualization\Package\SemiMapper>[0K[?25hgit add .[0K[?25lH:\Projects\Mapper_Visualization\Package\SemiMapper>git add[0K[?25h[?25l
[0K[?25h]0;Administrator:   - git  addNothing specified, nothing added.[0K[?25l
Maybe you wanted to say 'git add .'?[0K
[0K[?25h]0;Administrator:  [?25l
H:\Projects\Mapper_Visualization\Package\SemiMapper>[0K[?25hgit add[0K[?25lH:\Projects\Mapper_Visualization\Package\SemiMapper>git status[0K[?25h[?25lH:\Projects\Mapper_Visualization\Package\SemiMapper>git stauts[0K[?25h[?25lH:\Projects\Mapper_Visualization\Package\SemiMapper>git status[0K[?25h[?25l
[0K[?25h]0;Administrator:   - git  status]0;Administrator:  On branch master[0K[?25l
[0K
No commits yet[0K
[0K
Changes to be committed:[0K
  (use "git rm --cached <file>..." to unstage)[0K
[0K
        [0;32mnew file:   .Rbuildignore[0m[0K
        [0;32mnew file:   .Rhistory[0m[0K
        [0;32mnew file:   .Rproj.user/8E963EED/build_options[0m[0K
        [0;32mnew file:   .Rproj.user/8E963EED/console06/78F8AA7E[0m[0K
        [0;32mnew file:   .Rproj.user/8E963EED/console06/INDEX001[0m[0K
        [0;32mnew file:   .Rproj.user/8E963EED/cpp-definition-cache[0m[0K
        [0;32mnew file:   .Rproj.user/8E963EED/pcs/files-pane.pper[0m[0K
        [0;32mnew file:   .Rproj.user/8E963EED/pcs/source-pane.pper[0m[0K
        [0;32mnew file:   .Rproj.user/8E963EED/pcs/windowlayoutstate.pper[0m[0K
        [0;32mnew file:   .Rproj.user/8E963EED/pcs/workbench-pane.pper[0m[0K
        [0;32mnew file:   .Rproj.user/8E963EED/rmd-outputs[0m[0K
        [0;32mnew file:   .Rproj.user/8E963EED/saved_source_markers[0m[0K
        [0;32mnew file:   .Rproj.user/8E963EED/sources/prop/3B88766[0m[0K
        [0;32mnew file:   .Rproj.user/8E963EED/sources/prop/3FDAFC36[0m[0K
        [0;32mnew file:   .Rproj.user/8E963EED/sources/prop/74E90DB9[0m[0K
        [0;32mnew file:   .Rproj.user/8E963EED/sources/prop/8E558985[0m[0K
        [0;32mnew file:   .Rproj.user/8E963EED/sources/prop/9E4887A1[0m[0K
        [0;32mnew file:   .Rproj.user/8E963EED/sources/prop/CDF0CA45[0m[0K
        [0;32mnew file:   .Rproj.user/8E963EED/sources/prop/INDEX[0m[0K
        [0;32mnew file:   .Rproj.user/8E963EED/sources/s-DF83F89F/909EC044[0m[0K
        [0;32mnew file:   .Rproj.user/8E963EED/sources/s-DF83F89F/909EC044-contents[0m[0K
        [0;32mnew file:   .Rproj.user/8E963EED/sources/s-DF83F89F/A033B5B0[0m[0K
        [0;32mnew file:   .Rproj.user/8E963EED/sources/s-DF83F89F/A033B5B0-contents[0m[0K
        [0;32mnew file:   .Rproj.user/8E963EED/sources/s-DF83F89F/C02F3436[0m[0K
        [0;32mnew file:   .Rproj.user/8E963EED/sources/s-DF83F89F/C02F3436-contents[0m[0K
        [0;32mnew file:   .Rproj.user/8E963EED/sources/s-DF83F89F/C67A6757[0m[0K
        [0;32mnew file:   .Rproj.user/8E963EED/sources/s-DF83F89F/C67A6757-contents[0m[0K
        [0;32mnew file:   .Rproj.user/8E963EED/sources/s-DF83F89F/FDD47C0C[0m[0K
        [0;32mnew file:   .Rproj.user/8E963EED/sources/s-DF83F89F/FDD47C0C-contents[0m[0K
        [0;32mnew file:   .Rproj.user/8E963EED/sources/s-DF83F89F/lock_file[0m[0K
        [0;32mnew file:   .Rproj.user/shared/notebooks/patch-chunk-names[0m[0K
        [0;32mnew file:   .Rproj.user/shared/notebooks/paths[0m[0K
        [0;32mnew file:   DESCRIPTION[0m[0K
        [0;32mnew file:   NAMESPACE[0m[0K
        [0;32mnew file:   R/filters.R[0m[0K
        [0;32mnew file:   R/hello.R[0m[0K
        [0;32mnew file:   R/mapper_vis.R[0m[0K
        [0;32mnew file:   R/simulation.R[0m[0K
        [0;32mnew file:   SemiMapper.Rproj[0m[0K
        [0;32mnew file:   man/auto_set_colorcode.Rd[0m[0K
        [0;32mnew file:   man/check_color_code.Rd[0m[0K
        [0;32mnew file:   man/color_map.Rd[0m[0K
        [0;32mnew file:   man/hello.Rd[0m[0K
        [0;32mnew file:   man/legend_node.Rd[0m[0K
        [0;32mnew file:   man/network_visualization.Rd[0m[0K
        [0;32mnew file:   man/read_color_code.Rd[0m[0K
        [0;32mnew file:   man/stat_summery.Rd[0m[0K
[0K
Changes not staged for commit:[0K
  (use "git add <file>..." to update what will be committed)[0K
  (use "git checkout -- <file>..." to discard changes in working directory)[0K
[0K
        [0;31mmodified:   .Rproj.user/8E963EED/console06/78F8AA7E[0m[0K
[0K
[0K
H:\Projects\Mapper_Visualization\Package\SemiMapper>[0K[?25hg[0Ki[0Kt[0K[57G[?25lH:\Projects\Mapper_Visualization\Package\SemiMapper>git c[0K[?25ho[0Km[0Km[0Ki[0Kt[0K[64G[?25lH:\Projects\Mapper_Visualization\Package\SemiMapper>git commit -[0K[?25hb[0K[67G[66G[?25lH:\Projects\Mapper_Visualization\Package\SemiMapper>git commit -[0K[?25h[?25lH:\Projects\Mapper_Visualization\Package\SemiMapper>git commit[0K[64G[?25h[?25lH:\Projects\Mapper_Visualization\Package\SemiMapper>git commit i[0K[?25hn[0Ki[0Kt[0Ki[0Ka[0Kl[0K[?25l
[0K[?25h]0;Administrator:   - git  commit initial]0;Administrator:  error: pathspec 'initial' did not match any file(s) known to git.[0K[?25l
[0K
H:\Projects\Mapper_Visualization\Package\SemiMapper>[0K[?25hgit commit initial[0K[?25lH:\Projects\Mapper_Visualization\Package\SemiMapper>git commit initia[0K[?25h[?25lH:\Projects\Mapper_Visualization\Package\SemiMapper>git commit initi[0K[?25h[?25lH:\Projects\Mapper_Visualization\Package\SemiMapper>git commit init[0K[?25h[?25lH:\Projects\Mapper_Visualization\Package\SemiMapper>git commit ini[0K[?25h[?25lH:\Projects\Mapper_Visualization\Package\SemiMapper>git commit in[0K[?25h[?25lH:\Projects\Mapper_Visualization\Package\SemiMapper>git commit i[0K[?25h[?25lH:\Projects\Mapper_Visualization\Package\SemiMapper>git commit[0K[64G[?25h[63G[?25lH:\Projects\Mapper_Visualization\Package\SemiMapper>git commi[0K[?25h[?25lH:\Projects\Mapper_Visualization\Package\SemiMapper>git comm[0K[?25h[?25lH:\Projects\Mapper_Visualization\Package\SemiMapper>git com[0K[?25h[?25lH:\Projects\Mapper_Visualization\Package\SemiMapper>git co[0K[?25h[?25lH:\Projects\Mapper_Visualization\Package\SemiMapper>git c[0K[?25h[?25lH:\Projects\Mapper_Visualization\Package\SemiMapper>git[0K[?25h[?25lH:\Projects\Mapper_Visualization\Package\SemiMapper>gi[0K[?25h[?25lH:\Projects\Mapper_Visualization\Package\SemiMapper>g[0K[?25h[?25lH:\Projects\Mapper_Visualization\Package\SemiMapper>[0K[?25hg[0Ki[0Kt[0K[57G[?25lH:\Projects\Mapper_Visualization\Package\SemiMapper>git c[0K[?25ho[0Km[0Km[0Ki[0Kt[0K[?25l
[0K[?25h]0;Administrator:   - git  commithint: Waiting for your editor to close the file...[0K[52G[0m[1;1H[2J[?25l[0m[0K[?25h[?25l
[0K
[0K
[0K
[0K
[0K
[0K
[0K
[0K
[0K
[0K
[0K
[0K
[0K
[0K
[0K
<pper_Visualization/Package/SemiMapper/.git/COMMIT_EDITMSG" [converted][unix] 62L, 2656C[0K[?25h[?25l[16A[?25h[?25l
[?25h[0;36;96m# Please enter the commit message for your changes. Lines starting[0m[0K[?25l
[0;36;96m# with '#' will be ignored, and an empty message aborts the commit.[0m[0K
[0;36;96m#[0m[0K
[0;36;96m# [0;34;94mCommitter:[0;36;96m Feng <feng.tianshu@mayo.edu>[0m[0K
[0;36;96m#[0m[0K
[0;36;96m# On branch [0;31;91mmaster[0m[0K
[0;36;96m#[0m[0K
[0;36;96m# Initial commit[0m[0K
[0;36;96m#[0m[0K
[0;36;96m# [0;34;94mChanges to be committed:[0m[0K
[0;36;96m#       [0;32;92mnew file[0;36;96m: [0;35;95m  .Rbuildignore[0m[0K
[0;36;96m#       [0;32;92mnew file[0;36;96m: [0;35;95m  .Rhistory[0m[0K
[0;36;96m#       [0;32;92mnew file[0;36;96m: [0;35;95m  .Rproj.user/8E963EED/build_options[0m[0K
[0;36;96m#       [0;32;92mnew file[0;36;96m: [0;35;95m  .Rproj.user/8E963EED/console06/78F8AA7E[0m[0K
[0;7m<ects/Mapper_Visualization/Package/SemiMapper/.git/COMMIT_EDITMSG [unix] (19:53 11/09/2018)1,0-1 To[0Kp
[0m<pper_Visualization/Package/SemiMapper/.git/COMMIT_EDITMSG" [converted][unix] 62L, 2656C[0K[16A[?25h[?25l















:[0K[?25h[6n[?25l[0K[16A[?25h[6n[?25l















                                                                                         ^[[0K[16A[?25h[?25l















[0K[16A[?25h[?25l














[0;7m<ojects/Mapper_Visualization/Package/SemiMapper/.git/COMMIT_EDITMSG [unix] (19:53 11/09/2018)1,1 To[0Kp
[0;1m-- INSERT --[0m[0K[16A[?25h[0;33;93mI[0m[0K[?25l
[0;36;96m# Please enter the commit message for your changes. Lines starting[0m[0K
[0;36;96m# with '#' will be ignored, and an empty message aborts the commit.[0m[0K
[0;36;96m#[0m[0K
[0;36;96m# [0;34;94mCommitter:[0;36;96m Feng <feng.tianshu@mayo.edu>[0m[0K
[0;36;96m#[0m[0K
[0;36;96m# On branch [0;31;91mmaster[0m[0K
[0;36;96m#[0m[0K
[0;36;96m# Initial commit[0m[0K
[0;36;96m#[0m[0K
[0;36;96m# [0;34;94mChanges to be committed:[0m[0K
[0;36;96m#       [0;32;92mnew file[0;36;96m: [0;35;95m  .Rbuildignore[0m[0K
[0;36;96m#       [0;32;92mnew file[0;36;96m: [0;35;95m  .Rhistory[0m[0K
[0;36;96m#       [0;32;92mnew file[0;36;96m: [0;35;95m  .Rproj.user/8E963EED/build_options[0m[0K
[0;36;96m#       [0;32;92mnew file[0;36;96m: [0;35;95m  .Rproj.user/8E963EED/console06/78F8AA7E[0m[0K
[0;7m<cts/Mapper_Visualization/Package/SemiMapper/.git/COMMIT_EDITMSG[+] [unix] (19:53 11/09/2018)1,2 To[0Kp
[0;1m-- INSERT --[0m[0K[16A[2G[?25h[?25l[0;33;93mIn[0m[0K
[0;36;96m# Please enter the commit message for your changes. Lines starting[0m[0K
[0;36;96m# with '#' will be ignored, and an empty message aborts the commit.[0m[0K
[0;36;96m#[0m[0K
[0;36;96m# [0;34;94mCommitter:[0;36;96m Feng <feng.tianshu@mayo.edu>[0m[0K
[0;36;96m#[0m[0K
[0;36;96m# On branch [0;31;91mmaster[0m[0K
[0;36;96m#[0m[0K
[0;36;96m# Initial commit[0m[0K
[0;36;96m#[0m[0K
[0;36;96m# [0;34;94mChanges to be committed:[0m[0K
[0;36;96m#       [0;32;92mnew file[0;36;96m: [0;35;95m  .Rbuildignore[0m[0K
[0;36;96m#       [0;32;92mnew file[0;36;96m: [0;35;95m  .Rhistory[0m[0K
[0;36;96m#       [0;32;92mnew file[0;36;96m: [0;35;95m  .Rproj.user/8E963EED/build_options[0m[0K
[0;36;96m#       [0;32;92mnew file[0;36;96m: [0;35;95m  .Rproj.user/8E963EED/console06/78F8AA7E[0m[0K
[0;7m<cts/Mapper_Visualization/Package/SemiMapper/.git/COMMIT_EDITMSG[+] [unix] (19:53 11/09/2018)1,3 To[0Kp
[0;1m-- INSERT --[0m[0K[16A[3G[?25h[?25l[0;33;93mIni[0m[0K
[0;36;96m# Please enter the commit message for your changes. Lines starting[0m[0K
[0;36;96m# with '#' will be ignored, and an empty message aborts the commit.[0m[0K
[0;36;96m#[0m[0K
[0;36;96m# [0;34;94mCommitter:[0;36;96m Feng <feng.tianshu@mayo.edu>[0m[0K
[0;36;96m#[0m[0K
[0;36;96m# On branch [0;31;91mmaster[0m[0K
[0;36;96m#[0m[0K
[0;36;96m# Initial commit[0m[0K
[0;36;96m#[0m[0K
[0;36;96m# [0;34;94mChanges to be committed:[0m[0K
[0;36;96m#       [0;32;92mnew file[0;36;96m: [0;35;95m  .Rbuildignore[0m[0K
[0;36;96m#       [0;32;92mnew file[0;36;96m: [0;35;95m  .Rhistory[0m[0K
[0;36;96m#       [0;32;92mnew file[0;36;96m: [0;35;95m  .Rproj.user/8E963EED/build_options[0m[0K
[0;36;96m#       [0;32;92mnew file[0;36;96m: [0;35;95m  .Rproj.user/8E963EED/console06/78F8AA7E[0m[0K
[0;7m<cts/Mapper_Visualization/Package/SemiMapper/.git/COMMIT_EDITMSG[+] [unix] (19:53 11/09/2018)1,4 To[0Kp
[0;1m-- INSERT --[0m[0K[16A[4G[?25h[?25l[0;33;93mInit[0m[0K
[0;36;96m# Please enter the commit message for your changes. Lines starting[0m[0K
[0;36;96m# with '#' will be ignored, and an empty message aborts the commit.[0m[0K
[0;36;96m#[0m[0K
[0;36;96m# [0;34;94mCommitter:[0;36;96m Feng <feng.tianshu@mayo.edu>[0m[0K
[0;36;96m#[0m[0K
[0;36;96m# On branch [0;31;91mmaster[0m[0K
[0;36;96m#[0m[0K
[0;36;96m# Initial commit[0m[0K
[0;36;96m#[0m[0K
[0;36;96m# [0;34;94mChanges to be committed:[0m[0K
[0;36;96m#       [0;32;92mnew file[0;36;96m: [0;35;95m  .Rbuildignore[0m[0K
[0;36;96m#       [0;32;92mnew file[0;36;96m: [0;35;95m  .Rhistory[0m[0K
[0;36;96m#       [0;32;92mnew file[0;36;96m: [0;35;95m  .Rproj.user/8E963EED/build_options[0m[0K
[0;36;96m#       [0;32;92mnew file[0;36;96m: [0;35;95m  .Rproj.user/8E963EED/console06/78F8AA7E[0m[0K
[0;7m<cts/Mapper_Visualization/Package/SemiMapper/.git/COMMIT_EDITMSG[+] [unix] (19:53 11/09/2018)1,5 To[0Kp
[0;1m-- INSERT --[0m[0K[16A[5G[?25h[?25l[0;33;93mIniti[0m[0K
[0;36;96m# Please enter the commit message for your changes. Lines starting[0m[0K
[0;36;96m# with '#' will be ignored, and an empty message aborts the commit.[0m[0K
[0;36;96m#[0m[0K
[0;36;96m# [0;34;94mCommitter:[0;36;96m Feng <feng.tianshu@mayo.edu>[0m[0K
[0;36;96m#[0m[0K
[0;36;96m# On branch [0;31;91mmaster[0m[0K
[0;36;96m#[0m[0K
[0;36;96m# Initial commit[0m[0K
[0;36;96m#[0m[0K
[0;36;96m# [0;34;94mChanges to be committed:[0m[0K
[0;36;96m#       [0;32;92mnew file[0;36;96m: [0;35;95m  .Rbuildignore[0m[0K
[0;36;96m#       [0;32;92mnew file[0;36;96m: [0;35;95m  .Rhistory[0m[0K
[0;36;96m#       [0;32;92mnew file[0;36;96m: [0;35;95m  .Rproj.user/8E963EED/build_options[0m[0K
[0;36;96m#       [0;32;92mnew file[0;36;96m: [0;35;95m  .Rproj.user/8E963EED/console06/78F8AA7E[0m[0K
[0;7m<cts/Mapper_Visualization/Package/SemiMapper/.git/COMMIT_EDITMSG[+] [unix] (19:53 11/09/2018)1,6 To[0Kp
[0;1m-- INSERT --[0m[0K[16A[6G[?25h[?25l[0;33;93mInitia[0m[0K
[0;36;96m# Please enter the commit message for your changes. Lines starting[0m[0K
[0;36;96m# with '#' will be ignored, and an empty message aborts the commit.[0m[0K
[0;36;96m#[0m[0K
[0;36;96m# [0;34;94mCommitter:[0;36;96m Feng <feng.tianshu@mayo.edu>[0m[0K
[0;36;96m#[0m[0K
[0;36;96m# On branch [0;31;91mmaster[0m[0K
[0;36;96m#[0m[0K
[0;36;96m# Initial commit[0m[0K
[0;36;96m#[0m[0K
[0;36;96m# [0;34;94mChanges to be committed:[0m[0K
[0;36;96m#       [0;32;92mnew file[0;36;96m: [0;35;95m  .Rbuildignore[0m[0K
[0;36;96m#       [0;32;92mnew file[0;36;96m: [0;35;95m  .Rhistory[0m[0K
[0;36;96m#       [0;32;92mnew file[0;36;96m: [0;35;95m  .Rproj.user/8E963EED/build_options[0m[0K
[0;36;96m#       [0;32;92mnew file[0;36;96m: [0;35;95m  .Rproj.user/8E963EED/console06/78F8AA7E[0m[0K
[0;7m<cts/Mapper_Visualization/Package/SemiMapper/.git/COMMIT_EDITMSG[+] [unix] (19:53 11/09/2018)1,7 To[0Kp
[0;1m-- INSERT --[0m[0K[16A[7G[?25h[?25l[0;33;93mInitial[0m[0K
[0;36;96m# Please enter the commit message for your changes. Lines starting[0m[0K
[0;36;96m# with '#' will be ignored, and an empty message aborts the commit.[0m[0K
[0;36;96m#[0m[0K
[0;36;96m# [0;34;94mCommitter:[0;36;96m Feng <feng.tianshu@mayo.edu>[0m[0K
[0;36;96m#[0m[0K
[0;36;96m# On branch [0;31;91mmaster[0m[0K
[0;36;96m#[0m[0K
[0;36;96m# Initial commit[0m[0K
[0;36;96m#[0m[0K
[0;36;96m# [0;34;94mChanges to be committed:[0m[0K
[0;36;96m#       [0;32;92mnew file[0;36;96m: [0;35;95m  .Rbuildignore[0m[0K
[0;36;96m#       [0;32;92mnew file[0;36;96m: [0;35;95m  .Rhistory[0m[0K
[0;36;96m#       [0;32;92mnew file[0;36;96m: [0;35;95m  .Rproj.user/8E963EED/build_options[0m[0K
[0;36;96m#       [0;32;92mnew file[0;36;96m: [0;35;95m  .Rproj.user/8E963EED/console06/78F8AA7E[0m[0K
[0;7m<cts/Mapper_Visualization/Package/SemiMapper/.git/COMMIT_EDITMSG[+] [unix] (19:53 11/09/2018)1,8 To[0Kp
[0;1m-- INSERT --[0m[0K[16A[8G[?25h[6n[?25l














[0;7m<cts/Mapper_Visualization/Package/SemiMapper/.git/COMMIT_EDITMSG[+] [unix] (19:53 11/09/2018)1,7 To[0Kp
[0m                                                                                         ^[[25^[0K[16A[7G[?25h[?25l















                                                                                         5^[0K[16A[7G[?25h[?25l














[0;7m<cts/Mapper_Visualization/Package/SemiMapper/.git/COMMIT_EDITMSG[+] [unix] (19:53 11/09/2018)1,1 To[0Kp
[0m[0K[16A[?25h[?25l















:[0K[?25hw[0Kq[0K[?25l"H:/Projects/Mapper_Visualization/Package/SemiMapper/.git/COMMIT_EDITMSG"[0K[?25h[?25l<ualization/Package/SemiMapper/.git/COMMIT_EDITMSG" [converted][unix] 62L, 2663C written[0K[?25h[?25l[16AMicrosoft Windows [Version 6.1.7601][0K
Copyright (c) 2009 Microsoft Corporation.  All rights reserved.[0K
[0K
H:\Projects\Mapper_Visualization\Package\SemiMapper>git[0K
usage: git [--version] [--help] [-C <path>] [-c <name>=<value>][0K
           [--exec-path[=<path>]] [--html-path] [--man-path] [--info-path][0K
           [-p | --paginate | -P | --no-pager] [--no-replace-objects] [--bare][0K
           [--git-dir=<path>] [--work-tree=<path>] [--namespace=<name>][0K
           <command> [<args>][0K
[0K
These are common Git commands used in various situations:[0K
[0K
start a working area (see also: git help tutorial)[0K
   clone      Clone a repository into a new directory[0K
   init       Create an empty Git repository or reinitialize an existing one[0K
[0K
work on the current change (see also: git help everyday)[0K
   add        Add file contents to the index[0K
   mv         Move or rename a file, a directory, or a symlink[0K
   reset      Reset current HEAD to the specified state[0K
   rm         Remove files from the working tree and from the index[0K
[0K
examine the history and state (see also: git help revisions)[0K
   bisect     Use binary search to find the commit that introduced a bug[0K
   grep       Print lines matching a pattern[0K
   log        Show commit logs[0K
   show       Show various types of objects[0K
   status     Show the working tree status[0K
[0K
grow, mark and tweak your common history[0K
   branch     List, create, or delete branches[0K
   checkout   Switch branches or restore working tree files[0K
   commit     Record changes to the repository[0K
   diff       Show changes between commits, commit and working tree, etc[0K
   merge      Join two or more development histories together[0K
   rebase     Reapply commits on top of another base tip[0K
   tag        Create, list, delete or verify a tag object signed with GPG[0K
[0K
collaborate (see also: git help workflows)[0K
   fetch      Download objects and refs from another repository[0K
   pull       Fetch from and integrate with another repository or a local branch[0K
   push       Update remote refs along with associated objects[0K
[0K
'git help -a' and 'git help -g' list available subcommands and some[0K
concept guides. See 'git help <command>' or 'git help <concept>'[0K
to read about a specific subcommand or concept.[0K
[0K
H:\Projects\Mapper_Visualization\Package\SemiMapper>git stauts[0K
git: 'stauts' is not a git command. See 'git --help'.[0K
[0K
The most similar command is[0K
        status[0K
[0K
H:\Projects\Mapper_Visualization\Package\SemiMapper>git status[0K
On branch master[0K
[0K
No commits yet[0K
[0K
Untracked files:[0K
  (use "git add <file>..." to include in what will be committed)[0K
[0K
        [0;31m.Rbuildignore[0m[0K
        [0;31m.Rhistory[0m[0K
        [0;31m.Rproj.user/[0m[0K
        [0;31mDESCRIPTION[0m[0K
        [0;31mNAMESPACE[0m[0K
        [0;31mR/[0m[0K
        [0;31mSemiMapper.Rproj[0m[0K
        [0;31mman/[0m[0K
[0K
nothing added to commit but untracked files present (use "git add" to track)[0K
[0K
H:\Projects\Mapper_Visualization\Package\SemiMapper>git add[0K
Nothing specified, nothing added.[0K
Maybe you wanted to say 'git add .'?[0K
[0K
H:\Projects\Mapper_Visualization\Package\SemiMapper>git add .[0K
warning: LF will be replaced by CRLF in .Rhistory.[0K
The file will have its original line endings in your working directory.[0K
warning: LF will be replaced by CRLF in .Rproj.user/8E963EED/build_options.[0K
The file will have its original line endings in your working directory.[0K
warning: LF will be replaced by CRLF in .Rproj.user/8E963EED/cpp-definition-cache.[0K
The file will have its original line endings in your working directory.[0K
warning: LF will be replaced by CRLF in .Rproj.user/8E963EED/pcs/files-pane.pper.[0K
The file will have its original line endings in your working directory.[0K
warning: LF will be replaced by CRLF in .Rproj.user/8E963EED/pcs/source-pane.pper.[0K
The file will have its original line endings in your working directory.[0K
warning: LF will be replaced by CRLF in .Rproj.user/8E963EED/pcs/windowlayoutstate.pper.[0K
The file will have its original line endings in your working directory.[0K
warning: LF will be replaced by CRLF in .Rproj.user/8E963EED/pcs/workbench-pane.pper.[0K
The file will have its original line endings in your working directory.[0K
warning: LF will be replaced by CRLF in .Rproj.user/8E963EED/rmd-outputs.[0K
The file will have its original line endings in your working directory.[0K
warning: LF will be replaced by CRLF in .Rproj.user/8E963EED/sources/prop/3B88766.[0K
The file will have its original line endings in your working directory.[0K
warning: LF will be replaced by CRLF in .Rproj.user/8E963EED/sources/prop/3FDAFC36.[0K
The file will have its original line endings in your working directory.[0K
warning: LF will be replaced by CRLF in .Rproj.user/8E963EED/sources/prop/74E90DB9.[0K
The file will have its original line endings in your working directory.[0K
warning: LF will be replaced by CRLF in .Rproj.user/8E963EED/sources/prop/8E558985.[0K
The file will have its original line endings in your working directory.[0K
warning: LF will be replaced by CRLF in .Rproj.user/8E963EED/sources/prop/9E4887A1.[0K
The file will have its original line endings in your working directory.[0K
warning: LF will be replaced by CRLF in .Rproj.user/8E963EED/sources/prop/CDF0CA45.[0K
The file will have its original line endings in your working directory.[0K
warning: LF will be replaced by CRLF in .Rproj.user/8E963EED/sources/prop/INDEX.[0K
The file will have its original line endings in your working directory.[0K
warning: LF will be replaced by CRLF in .Rproj.user/8E963EED/sources/s-DF83F89F/909EC044.[0K
The file will have its original line endings in your working directory.[0K
warning: LF will be replaced by CRLF in .Rproj.user/8E963EED/sources/s-DF83F89F/909EC044-contents.[0K
The file will have its original line endings in your working directory.[0K
warning: LF will be replaced by CRLF in .Rproj.user/8E963EED/sources/s-DF83F89F/A033B5B0.[0K
The file will have its original line endings in your working directory.[0K
warning: LF will be replaced by CRLF in .Rproj.user/8E963EED/sources/s-DF83F89F/A033B5B0-contents.[0K
The file will have its original line endings in your working directory.[0K
warning: LF will be replaced by CRLF in .Rproj.user/8E963EED/sources/s-DF83F89F/C02F3436.[0K
The file will have its original line endings in your working directory.[0K
warning: LF will be replaced by CRLF in .Rproj.user/8E963EED/sources/s-DF83F89F/C02F3436-contents.[0K
The file will have its original line endings in your working directory.[0K
warning: LF will be replaced by CRLF in .Rproj.user/8E963EED/sources/s-DF83F89F/C67A6757.[0K
The file will have its original line endings in your working directory.[0K
warning: LF will be replaced by CRLF in .Rproj.user/8E963EED/sources/s-DF83F89F/C67A6757-contents.[0K
The file will have its original line endings in your working directory.[0K
warning: LF will be replaced by CRLF in .Rproj.user/8E963EED/sources/s-DF83F89F/FDD47C0C.[0K
The file will have its original line endings in your working directory.[0K
warning: LF will be replaced by CRLF in .Rproj.user/8E963EED/sources/s-DF83F89F/FDD47C0C-contents.[0K
The file will have its original line endings in your working directory.[0K
warning: LF will be replaced by CRLF in .Rproj.user/shared/notebooks/paths.[0K
The file will have its original line endings in your working directory.[0K
[0K
H:\Projects\Mapper_Visualization\Package\SemiMapper>git add[0K
Nothing specified, nothing added.[0K
Maybe you wanted to say 'git add .'?[0K
[0K
H:\Projects\Mapper_Visualization\Package\SemiMapper>git status[0K
On branch master[0K
[0K
No commits yet[0K
[0K
Changes to be committed:[0K
  (use "git rm --cached <file>..." to unstage)[0K
[0K
        [0;32mnew file:   .Rbuildignore[0m[0K
        [0;32mnew file:   .Rhistory[0m[0K
        [0;32mnew file:   .Rproj.user/8E963EED/build_options[0m[0K
        [0;32mnew file:   .Rproj.user/8E963EED/console06/78F8AA7E[0m[0K
        [0;32mnew file:   .Rproj.user/8E963EED/console06/INDEX001[0m[0K
        [0;32mnew file:   .Rproj.user/8E963EED/cpp-definition-cache[0m[0K
        [0;32mnew file:   .Rproj.user/8E963EED/pcs/files-pane.pper[0m[0K
        [0;32mnew file:   .Rproj.user/8E963EED/pcs/source-pane.pper[0m[0K
        [0;32mnew file:   .Rproj.user/8E963EED/pcs/windowlayoutstate.pper[0m[0K
        [0;32mnew file:   .Rproj.user/8E963EED/pcs/workbench-pane.pper[0m[0K
        [0;32mnew file:   .Rproj.user/8E963EED/rmd-outputs[0m[0K
        [0;32mnew file:   .Rproj.user/8E963EED/saved_source_markers[0m[0K
        [0;32mnew file:   .Rproj.user/8E963EED/sources/prop/3B88766[0m[0K
        [0;32mnew file:   .Rproj.user/8E963EED/sources/prop/3FDAFC36[0m[0K
        [0;32mnew file:   .Rproj.user/8E963EED/sources/prop/74E90DB9[0m[0K
        [0;32mnew file:   .Rproj.user/8E963EED/sources/prop/8E558985[0m[0K
        [0;32mnew file:   .Rproj.user/8E963EED/sources/prop/9E4887A1[0m[0K
        [0;32mnew file:   .Rproj.user/8E963EED/sources/prop/CDF0CA45[0m[0K
        [0;32mnew file:   .Rproj.user/8E963EED/sources/prop/INDEX[0m[0K
        [0;32mnew file:   .Rproj.user/8E963EED/sources/s-DF83F89F/909EC044[0m[0K
        [0;32mnew file:   .Rproj.user/8E963EED/sources/s-DF83F89F/909EC044-contents[0m[0K
        [0;32mnew file:   .Rproj.user/8E963EED/sources/s-DF83F89F/A033B5B0[0m[0K
        [0;32mnew file:   .Rproj.user/8E963EED/sources/s-DF83F89F/A033B5B0-contents[0m[0K
        [0;32mnew file:   .Rproj.user/8E963EED/sources/s-DF83F89F/C02F3436[0m[0K
        [0;32mnew file:   .Rproj.user/8E963EED/sources/s-DF83F89F/C02F3436-contents[0m[0K
        [0;32mnew file:   .Rproj.user/8E963EED/sources/s-DF83F89F/C67A6757[0m[0K
        [0;32mnew file:   .Rproj.user/8E963EED/sources/s-DF83F89F/C67A6757-contents[0m[0K
        [0;32mnew file:   .Rproj.user/8E963EED/sources/s-DF83F89F/FDD47C0C[0m[0K
        [0;32mnew file:   .Rproj.user/8E963EED/sources/s-DF83F89F/FDD47C0C-contents[0m[0K
        [0;32mnew file:   .Rproj.user/8E963EED/sources/s-DF83F89F/lock_file[0m[0K
        [0;32mnew file:   .Rproj.user/shared/notebooks/patch-chunk-names[0m[0K
        [0;32mnew file:   .Rproj.user/shared/notebooks/paths[0m[0K
        [0;32mnew file:   DESCRIPTION[0m[0K
        [0;32mnew file:   NAMESPACE[0m[0K
        [0;32mnew file:   R/filters.R[0m[0K
        [0;32mnew file:   R/hello.R[0m[0K
        [0;32mnew file:   R/mapper_vis.R[0m[0K
        [0;32mnew file:   R/simulation.R[0m[0K
        [0;32mnew file:   SemiMapper.Rproj[0m[0K
        [0;32mnew file:   man/auto_set_colorcode.Rd[0m[0K
        [0;32mnew file:   man/check_color_code.Rd[0m[0K
        [0;32mnew file:   man/color_map.Rd[0m[0K
        [0;32mnew file:   man/hello.Rd[0m[0K
        [0;32mnew file:   man/legend_node.Rd[0m[0K
        [0;32mnew file:   man/network_visualization.Rd[0m[0K
        [0;32mnew file:   man/read_color_code.Rd[0m[0K
        [0;32mnew file:   man/stat_summery.Rd[0m[0K
[0K
Changes not staged for commit:[0K
  (use "git add <file>..." to update what will be committed)[0K
  (use "git checkout -- <file>..." to discard changes in working directory)[0K
[0K
        [0;31mmodified:   .Rproj.user/8E963EED/console06/78F8AA7E[0m[0K
[0K
[0K
H:\Projects\Mapper_Visualization\Package\SemiMapper>git commit initial[0K
error: pathspec 'initial' did not match any file(s) known to git.[0K
[0K
H:\Projects\Mapper_Visualization\Package\SemiMapper>git commit[0K
[0;30;8m                                                                                                   [0K [52G[?25h[?25l[0K[?25h]0;Administrator:  [0m[master (root-commit) b33fe5c] Initial[0;30;8m[0K[?25l
[0m Committer: Feng <feng.tianshu@mayo.edu>[0K
Your name and email address were configured automatically based[0K
on your username and hostname. Please check that they are accurate.[0K
You can suppress this message by setting them explicitly. Run the[0K
following command and follow the instructions in your editor to edit[0K
your configuration file:[0K
[0K
    git config --global --edit[0K
[0K
After doing this, you may fix the identity used for this commit with:[0K
[0K
    git commit --amend --reset-author[0K
[0K
 47 files changed, 2270 insertions(+)[0K
 create mode 100644 .Rbuildignore[0K
 create mode 100644 .Rhistory[0K
 create mode 100644 .Rproj.user/8E963EED/build_options[0K
 create mode 100644 .Rproj.user/8E963EED/console06/78F8AA7E[0K
 create mode 100644 .Rproj.user/8E963EED/console06/INDEX001[0K
 create mode 100644 .Rproj.user/8E963EED/cpp-definition-cache[0K
 create mode 100644 .Rproj.user/8E963EED/pcs/files-pane.pper[0K
 create mode 100644 .Rproj.user/8E963EED/pcs/source-pane.pper[0K
 create mode 100644 .Rproj.user/8E963EED/pcs/windowlayoutstate.pper[0K
 create mode 100644 .Rproj.user/8E963EED/pcs/workbench-pane.pper[0K
 create mode 100644 .Rproj.user/8E963EED/rmd-outputs[0K
 create mode 100644 .Rproj.user/8E963EED/saved_source_markers[0K
 create mode 100644 .Rproj.user/8E963EED/sources/prop/3B88766[0K
 create mode 100644 .Rproj.user/8E963EED/sources/prop/3FDAFC36[0K
 create mode 100644 .Rproj.user/8E963EED/sources/prop/74E90DB9[0K
 create mode 100644 .Rproj.user/8E963EED/sources/prop/8E558985[0K
 create mode 100644 .Rproj.user/8E963EED/sources/prop/9E4887A1[0K
 create mode 100644 .Rproj.user/8E963EED/sources/prop/CDF0CA45[0K
 create mode 100644 .Rproj.user/8E963EED/sources/prop/INDEX[0K
 create mode 100644 .Rproj.user/8E963EED/sources/s-DF83F89F/909EC044[0K
 create mode 100644 .Rproj.user/8E963EED/sources/s-DF83F89F/909EC044-contents[0K
 create mode 100644 .Rproj.user/8E963EED/sources/s-DF83F89F/A033B5B0[0K
 create mode 100644 .Rproj.user/8E963EED/sources/s-DF83F89F/A033B5B0-contents[0K
 create mode 100644 .Rproj.user/8E963EED/sources/s-DF83F89F/C02F3436[0K
 create mode 100644 .Rproj.user/8E963EED/sources/s-DF83F89F/C02F3436-contents[0K
 create mode 100644 .Rproj.user/8E963EED/sources/s-DF83F89F/C67A6757[0K
 create mode 100644 .Rproj.user/8E963EED/sources/s-DF83F89F/C67A6757-contents[0K
 create mode 100644 .Rproj.user/8E963EED/sources/s-DF83F89F/FDD47C0C[0K
 create mode 100644 .Rproj.user/8E963EED/sources/s-DF83F89F/FDD47C0C-contents[0K
 create mode 100644 .Rproj.user/8E963EED/sources/s-DF83F89F/lock_file[0K
 create mode 100644 .Rproj.user/shared/notebooks/patch-chunk-names[0K
 create mode 100644 .Rproj.user/shared/notebooks/paths[0K
 create mode 100644 DESCRIPTION[0K
 create mode 100644 NAMESPACE[0K
 create mode 100644 R/filters.R[0K
 create mode 100644 R/hello.R[0K
 create mode 100644 R/mapper_vis.R[0K
 create mode 100644 R/simulation.R[0K
 create mode 100644 SemiMapper.Rproj[0K
 create mode 100644 man/auto_set_colorcode.Rd[0K
 create mode 100644 man/check_color_code.Rd[0K
 create mode 100644 man/color_map.Rd[0K
 create mode 100644 man/hello.Rd[0K
 create mode 100644 man/legend_node.Rd[0K
 create mode 100644 man/network_visualization.Rd[0K
 create mode 100644 man/read_color_code.Rd[0K
 create mode 100644 man/stat_summery.Rd[0K
[0K
H:\Projects\Mapper_Visualization\Package\SemiMapper>[0K[?25hg[0Ki[0Kt[0K[57G[?25lH:\Projects\Mapper_Visualization\Package\SemiMapper>git r[0K[?25he[0Km[0Ko[0Kt[0Ke[0K[64G[?25lH:\Projects\Mapper_Visualization\Package\SemiMapper>git remote a[0K[?25hd[0Kd[0K[68G[?25lH:\Projects\Mapper_Visualization\Package\SemiMapper>git remote add o[0K[?25hr[0Ki[0Kg[0Ki[0Kn[0K[75G[?25lH:\Projects\Mapper_Visualization\Package\SemiMapper>git remote add origin ^V[0K[?25h[?25lH:\Projects\Mapper_Visualization\Package\SemiMapper>git remote add origin[0K[75G[?25h[74G[75G[?25lH:\Projects\Mapper_Visualization\Package\SemiMapper>git remote add origin git@github.com:TianshuFen[0Kg
/SemiMapper.git[0K[?25h]0;Administrator:   - git  remote add origin git@github.com:TianshuFeng/SemiMapper.git[?25l
[0K[?25h]0;Administrator:  [?25l
H:\Projects\Mapper_Visualization\Package\SemiMapper>[0K[?25hg[0Ki[0Kt[0K[57G[?25lH:\Projects\Mapper_Visualization\Package\SemiMapper>git p[0K[?25hu[0Ks[0Kh[0K[62G[?25lH:\Projects\Mapper_Visualization\Package\SemiMapper>git push o[0K[?25hr[0Ki[0Kg[0Ki[0Kn[0K[69G[?25lH:\Projects\Mapper_Visualization\Package\SemiMapper>git push origin m[0K[?25ha[0Ks[0Kt[0Ke[0Kr[0K]0;Administrator:   - git  push origin master[?25l
[0K[?25hThe authenticity of host 'github.com (192.30.253.112)' can't be established.[0K[?25l
RSA key fingerprint is SHA256:nThbg6kXUpJWGl7E1IGOCspRomTxdCARLviKw6E5SY8.[0K
Are you sure you want to continue connecting (yes/no)?[0K[56G[?25h[?25lAre you sure you want to continue connecting (yes/no)? y[0K[?25he[0Ks[0K[?25l
[0K[?25hWarning: Permanently added 'github.com,192.30.253.112' (RSA) to the list of known hosts.[0K[?25l
[0K[?25h]0;Administrator:  To github.com:TianshuFeng/SemiMapper.git[0K[?25l
 [0;31m! [rejected]       [0m master -> master (fetch first)[0K
[0;31merror: failed to push some refs to 'git@github.com:TianshuFeng/SemiMapper.git'[0m[0K
[0;33mhint: Updates were rejected because the remote contains work that you do[0m[0K
[0;33mhint: not have locally. This is usually caused by another repository pushing[0m[0K
[0;33mhint: to the same ref. You may want to first integrate the remote changes[0m[0K
[0;33mhint: (e.g., 'git pull ...') before pushing again.[0m[0K
[0;33mhint: See the 'Note about fast-forwards' in 'git push --help' for details.[0m[0K
[0K
H:\Projects\Mapper_Visualization\Package\SemiMapper>[0K[?25hg[0Ki[0Kt[0K[57G[?25lH:\Projects\Mapper_Visualization\Package\SemiMapper>git p[0K[?25hu[0Kl[0Kl[0K[62G[?25lH:\Projects\Mapper_Visualization\Package\SemiMapper>git pull o[0K[?25hr[0Ki[0Ks[0Ki[0Kn[0K[?25lH:\Projects\Mapper_Visualization\Package\SemiMapper>git pull orisi[0K[?25h[?25lH:\Projects\Mapper_Visualization\Package\SemiMapper>git pull oris[0K[?25h[?25lH:\Projects\Mapper_Visualization\Package\SemiMapper>git pull ori[0K[?25hg[0Ki[0Kn[0K[?25l
[0K[?25h]0;Administrator:   - git  pull originwarning: no common commits[0K[?25l
remote: Counting objects: 3, done.[0K
remote: Compressing objects: 100% (2/2), done.[0K
remote: Total 3 (delta 0), reused 0 (delta 0), pack-reused 0[0K
[0K[?25h[?25lUnpacking objects:  33% (1/3)[0K[1G[?25h[?25lUnpacking objects:  66% (2/3)[0K[1G[?25hUnpacking objects: 100% (3/3), done.[0K[?25l
[0K[?25hFrom github.com:TianshuFeng/SemiMapper[0K[?25l
 * [new branch]      master     -> origin/master[0K
[0K[?25h]0;Administrator:  You asked to pull from the remote 'origin', but did not specify[0K[?25l
a branch. Because this is not the default configured remote[0K
for your current branch, you must specify a branch on the command line.[0K
[0K
H:\Projects\Mapper_Visualization\Package\SemiMapper>[0K[?25hgit pull origin[0K[69G[?25lH:\Projects\Mapper_Visualization\Package\SemiMapper>git pull origin m[0K[?25ha[0Ks[0Kt[0Ke[0Kr[0K]0;Administrator:   - git  pull origin master[?25l
[0K[?25hFrom github.com:TianshuFeng/SemiMapper[0K[?25l
 * branch            master     -> FETCH_HEAD[0K
[0K[?25h]0;Administrator:  fatal: refusing to merge unrelated histories[0K[?25l
[0K
H:\Projects\Mapper_Visualization\Package\SemiMapper>[0K[?25hg[0Ki[0Kt[0K[57G[?25lH:\Projects\Mapper_Visualization\Package\SemiMapper>git s[0K[?25ht[0Ka[0Kt[0Ku[0Ks[0K]0;Administrator:   - git  status[?25l
[0K[?25h]0;Administrator:  On branch master[0K[?25l
Changes not staged for commit:[0K
  (use "git add <file>..." to update what will be committed)[0K
  (use "git checkout -- <file>..." to discard changes in working directory)[0K
[0K
        [0;31mmodified:   .Rproj.user/8E963EED/console06/78F8AA7E[0m[0K
[0K
no changes added to commit (use "git add" and/or "git commit -a")[0K
[0K[?25h[?25l
H:\Projects\Mapper_Visualization\Package\SemiMapper>[0K[?25hgit status[0K[?25lH:\Projects\Mapper_Visualization\Package\SemiMapper>git pull origin master[0K[?25h[?25lH:\Projects\Mapper_Visualization\Package\SemiMapper>git pull origin[0K[?25h master[0K[?25lH:\Projects\Mapper_Visualization\Package\SemiMapper>git status[0K[?25h[?25lH:\Projects\Mapper_Visualization\Package\SemiMapper>git pull origin master[0K[?25h[?25lH:\Projects\Mapper_Visualization\Package\SemiMapper>git pull origin[0K[?25h[?25lH:\Projects\Mapper_Visualization\Package\SemiMapper>git push origin master[0K[?25h[?25lH:\Projects\Mapper_Visualization\Package\SemiMapper>git pull origin[0K[?25h[?25l
[0K[?25h]0;Administrator:   - git  pull originYou asked to pull from the remote 'origin', but did not specify[0K[?25l
a branch. Because this is not the default configured remote[0K
for your current branch, you must specify a branch on the command line.[0K
[0K[?25h]0;Administrator:  [?25l
H:\Projects\Mapper_Visualization\Package\SemiMapper>[0K[?25hgit pull origin[0K[69G[?25lH:\Projects\Mapper_Visualization\Package\SemiMapper>git pull origin m[0K[?25ha[0Ks[0Kt[0Ke[0Kr[0K:[0Km[0Ka[0Ks[0Kt[0Ke[0Kr[0K[?25l
[0K[?25h]0;Administrator:   - git  pull origin master:masterWarning: Permanently added the RSA host key for IP address '192.30.253.113' to the list of known ho[0Ks[?25l
ts.[0K
[0K[?25hFrom github.com:TianshuFeng/SemiMapper[0K[?25l
 ! [rejected]        master     -> master  (non-fast-forward)[0K
[0K[?25h]0;Administrator:  [?25l
H:\Projects\Mapper_Visualization\Package\SemiMapper>[0K[?25h^V[0K[?25lH:\Projects\Mapper_Visualization\Package\SemiMapper>[0K[?25hg[0Ki[0Kt[0K[57G[?25lH:\Projects\Mapper_Visualization\Package\SemiMapper>git p[0K[?25hu[0Kl[0Kl[0K]0;Administrator:   - git  pull[?25l
[0K[?25h]0;Administrator:  There is no tracking information for the current branch.[0K[?25l
Please specify which branch you want to merge with.[0K
See git-pull(1) for details.[0K
[0K
    git pull <remote> <branch>[0K
[0K
If you wish to set tracking information for this branch you can do so with:[0K
[0K
    git branch --set-upstream-to=origin/<branch> master[0K
[0K
[0K
H:\Projects\Mapper_Visualization\Package\SemiMapper>[0K[?25h^V[0K[?25lH:\Projects\Mapper_Visualization\Package\SemiMapper>[0K[?25hg[0Ki[0Kt[0K[57G[?25lH:\Projects\Mapper_Visualization\Package\SemiMapper>git f[0K[?25he[0Kt[0Kc[0Kh[0K[63G[?25lH:\Projects\Mapper_Visualization\Package\SemiMapper>git fetch o[0K[?25hr[0Ki[0Kg[0Ki[0Kn[0K[?25l
[0K[?25h]0;Administrator:   - git  fetch origin]0;Administrator:  [?25l
H:\Projects\Mapper_Visualization\Package\SemiMapper>[0K[?25hg[0Ki[0Kt[0K[57G[?25lH:\Projects\Mapper_Visualization\Package\SemiMapper>git m[0K[?25he[0Kr[0Kg[0Ke[0K[63G[?25lH:\Projects\Mapper_Visualization\Package\SemiMapper>git merge o[0K[?25hr[0Ki[0Kg[0Ki[0Kn[0K[70G[?25lH:\Projects\Mapper_Visualization\Package\SemiMapper>git merge origin m[0K[?25ha[0Ks[0Kt[0Ke[0Kr[0K[?25l
[0K[?25h]0;Administrator:   - git  merge origin master]0;Administrator:  merge: origin - not something we can merge[0K[?25l
[0K
H:\Projects\Mapper_Visualization\Package\SemiMapper>[0K[?25hgit merge origin master[0K[?25lH:\Projects\Mapper_Visualization\Package\SemiMapper>git fetch origin[0K[?25h[?25lH:\Projects\Mapper_Visualization\Package\SemiMapper>git pull[0K[?25h[62G[?25lH:\Projects\Mapper_Visualization\Package\SemiMapper>git pull o[0K[?25hr[0Ki[0Kg[0Ki[0Kn[0K/[0Km[0Ka[0Ks[0Kt[0Ke[0Kr[0K[76G[?25lH:\Projects\Mapper_Visualization\Package\SemiMapper>git pull origin/master m[0K[?25ha[0Ks[0Kt[0Ke[0Kr[0K[?25l
[0K[?25h]0;Administrator:   - git  pull origin/master masterfatal: 'origin/master' does not appear to be a git repository[0K[?25l
[0K[?25h]0;Administrator:  fatal: Could not read from remote repository.[0K[?25l
[0K
Please make sure you have the correct access rights[0K
and the repository exists.[0K
[0K
H:\Projects\Mapper_Visualization\Package\SemiMapper>[0K[?25hg[0Ki[0Kt[0K[57G[?25lH:\Projects\Mapper_Visualization\Package\SemiMapper>git r[0K[?25he[0Km[0Ko[0Kt[0Ke[0K[?25l
[0K[?25h]0;Administrator:   - git  remoteorigin[0K[?25l
[0K[?25h]0;Administrator:  [?25l
H:\Projects\Mapper_Visualization\Package\SemiMapper>[0K[?25h^V[0K[?25lH:\Projects\Mapper_Visualization\Package\SemiMapper>[0K[?25hgit push origin master --force[0K]0;Administrator:   - git  push origin master --force[?25l
[0K[?25hEnumerating objects: 53, done.[0K[?25l
Counting objects:   3% (2/53)[0K[1G[?25h[?25lCounting objects:  28% (15/53)[0K[1G[?25h[?25lCounting objects:  50% (27/53)[0K[1G[?25h[?25lCounting objects:  67% (36/53)[0K[1G[?25h[?25lCounting objects:  86% (46/53)[0K[2G[?25h[?25lCounting objects: 100% (53/53), done.[0K
Delta compression using up to 4 threads.[0K
Compressing objects:  13% (6/44)[0K[1G[?25h[?25lCompressing objects:  50% (22/44)[0K[1G[?25h[?25lCompressing objects:  84% (37/44)[0K[2G[?25h[?25lCompressing objects: 100% (44/44), done.[0K
Writing objects:  11% (6/53)[0K[1G[?25h[?25lWriting objects:  35% (19/53)[0K[1G[?25h[?25lWriting objects:  79% (42/53)[0K[1G[?25hWriting objects: 100% (53/53), 19.26 KiB | 214.00 KiB/s, done.[0K[?25l
Total 53 (delta 8), reused 0 (delta 0)[0K
[0K[?25hremote: Resolving deltas: 100% (8/8), done.[0K[?25l
[0K[?25hTo github.com:TianshuFeng/SemiMapper.git[0K[?25l
 + efb7941...b33fe5c master -> master (forced update)[0K
[0K[?25h]0;Administrator:  [?25l
H:\Projects\Mapper_Visualization\Package\SemiMapper>[0K[?25hg[0Ki[0Kt[0K[57G[?25lH:\Projects\Mapper_Visualization\Package\SemiMapper>git p[0K[?25hu[0Kl[0Kl[0K[62G[?25lH:\Projects\Mapper_Visualization\Package\SemiMapper>git pull o[0K[?25hr[0Ki[0Kg[0Ki[0Kn[0K[?25l
[0K[?25h]0;Administrator:   - git  pull originremote: Counting objects: 4, done.[0K[?25l
remote: Compressing objects: 100% (4/4), done.[0K
remote: Total 4 (delta 1), reused 0 (delta 0), pack-reused 0[0K
[0K[?25h[?25lUnpacking objects:  25% (1/4)[0K[1G[?25h[?25lUnpacking objects:  50% (2/4)[0K[1G[?25h[?25lUnpacking objects:  75% (3/4)[0K[1G[?25hUnpacking objects: 100% (4/4), done.[0K[?25l
[0K[?25hFrom github.com:TianshuFeng/SemiMapper[0K[?25l
 * [new branch]      add-license-1 -> origin/add-license-1[0K
[0K[?25h   b33fe5c..7a99936  master        -> origin/master[0K[?25l
[0K[?25hYou asked to pull from the remote 'origin', but did not specify[0K[?25l
a branch. Because this is not the default configured remote[0K
for your current branch, you must specify a branch on the command line.[0K
[0K[?25h]0;Administrator:  [?25l
H:\Projects\Mapper_Visualization\Package\SemiMapper>[0K[?25hgit pull origin[0K[69G[?25lH:\Projects\Mapper_Visualization\Package\SemiMapper>git pull origin m[0K[?25ha[0Ks[0Kt[0Ke[0Kr[0K]0;Administrator:   - git  pull origin master[?25l
[0K[?25hFrom github.com:TianshuFeng/SemiMapper[0K[?25l
 * branch            master     -> FETCH_HEAD[0K
[0K[?25hUpdating b33fe5c..7a99936[0K[?25l
Fast-forward[0K
[0K[?25h]0;Administrator:   LICENSE | 29 [0;32m+++++++++++++++++++++++++++++[0m[0K[?25l
 1 file changed, 29 insertions(+)[0K
 create mode 100644 LICENSE[0K
[0K
H:\Projects\Mapper_Visualization\Package\SemiMapper>[0K[?25hg[0Ki[0Kt[0K[57G[?25lH:\Projects\Mapper_Visualization\Package\SemiMapper>git s[0K[?25ht[0Ka[0Kt[0Ku[0Ks[0K[?25l
[0K[?25h]0;Administrator:   - git  statusOn branch master[0K[?25l
Changes not staged for commit:[0K
  (use "git add <file>..." to update what will be committed)[0K
  (use "git checkout -- <file>..." to discard changes in working directory)[0K
[0K
        [0;31mmodified:   .Rproj.user/8E963EED/console06/78F8AA7E[0m[0K
[0K
no changes added to commit (use "git add" and/or "git commit -a")[0K
[0K[?25h]0;Administrator:  [?25l
H:\Projects\Mapper_Visualization\Package\SemiMapper>[0K[?25hg[0Ki[0Kt[0K[57G[?25lH:\Projects\Mapper_Visualization\Package\SemiMapper>git s[0K[?25ht[0Ka[0Kt[0Ku[0Ks[0K[?25l
[0K[?25h]0;Administrator:   - git  statusOn branch master[0K[?25l
Changes not staged for commit:[0K
  (use "git add <file>..." to update what will be committed)[0K
  (use "git checkout -- <file>..." to discard changes in working directory)[0K
[0K
        [0;31mmodified:   .Rproj.user/8E963EED/console06/78F8AA7E[0m[0K
        [0;31mmodified:   .Rproj.user/8E963EED/sources/prop/3FDAFC36[0m[0K
[0K[9G[?25h]0;Administrator:  [?25l        [0;31mmodified:   .Rproj.user/8E963EED/sources/s-DF83F89F/C02F3436[0m[0K
        [0;31mmodified:   man/check_color_code.Rd[0m[0K
        [0;31mmodified:   man/network_visualization.Rd[0m[0K
        [0;31mmodified:   man/stat_summery.Rd[0m[0K
[0K
Untracked files:[0K
  (use "git add <file>..." to include in what will be committed)[0K
[0K
        [0;31mman/chicken_generator.Rd[0m[0K
        [0;31mman/color_map_Spectral.Rd[0m[0K
        [0;31mman/simple_visNet.Rd[0m[0K
[0K
no changes added to commit (use "git add" and/or "git commit -a")[0K
[0K
H:\Projects\Mapper_Visualization\Package\SemiMapper>[0K[?25hg[0Ki[0Kt[0K[57G[?25lH:\Projects\Mapper_Visualization\Package\SemiMapper>git a[0K[?25hd[0Kd[0K[61G[?25lH:\Projects\Mapper_Visualization\Package\SemiMapper>git add .[0K[?25h[?25l
[0K[?25h]0;Administrator:   - git  add .